03:46:55 **** Build of configuration Debug for project tarea_2_part_1 ****
make -j8 all 
arm-none-eabi-size  tarea_2_part_1.elf 
   text	   data	    bss	    dec	    hex	filename
  26540	    100	   8684	  35324	   89fc	tarea_2_part_1.elf
Finished building: default.size.stdout
 
18:35:26 **** Incremental Build of configuration Debug for project tarea_2_part_1 ****
make -j8 all 
arm-none-eabi-gcc "../Core/Src/freertos.c" -mcpu=cortex-m4 -std=gnu11 -g3 -DDEBUG -DUSE_HAL_DRIVER -DSTM32L476xx -c -I../Core/Inc -I../Drivers/STM32L4xx_HAL_Driver/Inc -I../Drivers/STM32L4xx_HAL_Driver/Inc/Legacy -I../Drivers/CMSIS/Device/ST/STM32L4xx/Include -I../Drivers/CMSIS/Include -I../Middlewares/Third_Party/FreeRTOS/Source/include -I../Middlewares/Third_Party/FreeRTOS/Source/CMSIS_RTOS_V2 -I../Middlewares/Third_Party/FreeRTOS/Source/portable/GCC/ARM_CM4F -O0 -ffunction-sections -fdata-sections -Wall -fstack-usage -fcyclomatic-complexity -MMD -MP -MF"Core/Src/freertos.d" -MT"Core/Src/freertos.o" --specs=nano.specs -mfpu=fpv4-sp-d16 -mfloat-abi=hard -mthumb -o "Core/Src/freertos.o"
arm-none-eabi-gcc "../Core/Src/main.c" -mcpu=cortex-m4 -std=gnu11 -g3 -DDEBUG -DUSE_HAL_DRIVER -DSTM32L476xx -c -I../Core/Inc -I../Drivers/STM32L4xx_HAL_Driver/Inc -I../Drivers/STM32L4xx_HAL_Driver/Inc/Legacy -I../Drivers/CMSIS/Device/ST/STM32L4xx/Include -I../Drivers/CMSIS/Include -I../Middlewares/Third_Party/FreeRTOS/Source/include -I../Middlewares/Third_Party/FreeRTOS/Source/CMSIS_RTOS_V2 -I../Middlewares/Third_Party/FreeRTOS/Source/portable/GCC/ARM_CM4F -O0 -ffunction-sections -fdata-sections -Wall -fstack-usage -fcyclomatic-complexity -MMD -MP -MF"Core/Src/main.d" -MT"Core/Src/main.o" --specs=nano.specs -mfpu=fpv4-sp-d16 -mfloat-abi=hard -mthumb -o "Core/Src/main.o"
arm-none-eabi-gcc "../Core/Src/stm32l4xx_hal_msp.c" -mcpu=cortex-m4 -std=gnu11 -g3 -DDEBUG -DUSE_HAL_DRIVER -DSTM32L476xx -c -I../Core/Inc -I../Drivers/STM32L4xx_HAL_Driver/Inc -I../Drivers/STM32L4xx_HAL_Driver/Inc/Legacy -I../Drivers/CMSIS/Device/ST/STM32L4xx/Include -I../Drivers/CMSIS/Include -I../Middlewares/Third_Party/FreeRTOS/Source/include -I../Middlewares/Third_Party/FreeRTOS/Source/CMSIS_RTOS_V2 -I../Middlewares/Third_Party/FreeRTOS/Source/portable/GCC/ARM_CM4F -O0 -ffunction-sections -fdata-sections -Wall -fstack-usage -fcyclomatic-complexity -MMD -MP -MF"Core/Src/stm32l4xx_hal_msp.d" -MT"Core/Src/stm32l4xx_hal_msp.o" --specs=nano.specs -mfpu=fpv4-sp-d16 -mfloat-abi=hard -mthumb -o "Core/Src/stm32l4xx_hal_msp.o"
arm-none-eabi-gcc "../Core/Src/stm32l4xx_it.c" -mcpu=cortex-m4 -std=gnu11 -g3 -DDEBUG -DUSE_HAL_DRIVER -DSTM32L476xx -c -I../Core/Inc -I../Drivers/STM32L4xx_HAL_Driver/Inc -I../Drivers/STM32L4xx_HAL_Driver/Inc/Legacy -I../Drivers/CMSIS/Device/ST/STM32L4xx/Include -I../Drivers/CMSIS/Include -I../Middlewares/Third_Party/FreeRTOS/Source/include -I../Middlewares/Third_Party/FreeRTOS/Source/CMSIS_RTOS_V2 -I../Middlewares/Third_Party/FreeRTOS/Source/portable/GCC/ARM_CM4F -O0 -ffunction-sections -fdata-sections -Wall -fstack-usage -fcyclomatic-complexity -MMD -MP -MF"Core/Src/stm32l4xx_it.d" -MT"Core/Src/stm32l4xx_it.o" --specs=nano.specs -mfpu=fpv4-sp-d16 -mfloat-abi=hard -mthumb -o "Core/Src/stm32l4xx_it.o"
arm-none-eabi-gcc -o "tarea_2_part_1.elf" @"objects.list"   -mcpu=cortex-m4 -T"C:\Users\Crist\STM32CubeIDE\workspace_IPD439\tarea_2_part_1\STM32L476RGTX_FLASH.ld" --specs=nosys.specs -Wl,-Map="tarea_2_part_1.map" -Wl,--gc-sections -static --specs=nano.specs -mfpu=fpv4-sp-d16 -mfloat-abi=hard -mthumb -Wl,--start-group -lc -lm -Wl,--end-group
Finished building target: tarea_2_part_1.elf
 
arm-none-eabi-size  tarea_2_part_1.elf 
arm-none-eabi-objdump -h -S tarea_2_part_1.elf  > "tarea_2_part_1.list"
   text	   data	    bss	    dec	    hex	filename
  26540	    100	   8684	  35324	   89fc	tarea_2_part_1.elf
Finished building: default.size.stdout
 
Finished building: tarea_2_part_1.list
 
22:35:07 **** Incremental Build of configuration Debug for project tarea_2_part_1 ****
make -j8 all 
arm-none-eabi-size  tarea_2_part_1.elf 
   text	   data	    bss	    dec	    hex	filename
  26540	    100	   8684	  35324	   89fc	tarea_2_part_1.elf
Finished building: default.size.stdout
 
23:33:22 **** Incremental Build of configuration Debug for project tarea_2_part_1 ****
make -j8 all 
arm-none-eabi-size  tarea_2_part_1.elf 
   text	   data	    bss	    dec	    hex	filename
  26540	    100	   8684	  35324	   89fc	tarea_2_part_1.elf
Finished building: default.size.stdout
 
23:34:32 **** Incremental Build of configuration Debug for project tarea_2_part_2 ****
make -j8 all 
arm-none-eabi-gcc "../Core/Src/main.c" -mcpu=cortex-m4 -std=gnu11 -g3 -DDEBUG -DUSE_HAL_DRIVER -DSTM32L476xx -c -I../Core/Inc -I../Drivers/STM32L4xx_HAL_Driver/Inc -I../Drivers/STM32L4xx_HAL_Driver/Inc/Legacy -I../Drivers/CMSIS/Device/ST/STM32L4xx/Include -I../Drivers/CMSIS/Include -I../Middlewares/Third_Party/FreeRTOS/Source/include -I../Middlewares/Third_Party/FreeRTOS/Source/CMSIS_RTOS_V2 -I../Middlewares/Third_Party/FreeRTOS/Source/portable/GCC/ARM_CM4F -O0 -ffunction-sections -fdata-sections -Wall -fstack-usage -fcyclomatic-complexity -MMD -MP -MF"Core/Src/main.d" -MT"Core/Src/main.o" --specs=nano.specs -mfpu=fpv4-sp-d16 -mfloat-abi=hard -mthumb -o "Core/Src/main.o"
arm-none-eabi-gcc -o "tarea_2_part_2.elf" @"objects.list"   -mcpu=cortex-m4 -T"C:\Users\Crist\STM32CubeIDE\workspace_IPD439\tarea_2_part_2\STM32L476RGTX_FLASH.ld" --specs=nosys.specs -Wl,-Map="tarea_2_part_2.map" -Wl,--gc-sections -static --specs=nano.specs -mfpu=fpv4-sp-d16 -mfloat-abi=hard -mthumb -u _printf_float -Wl,--start-group -lc -lm -Wl,--end-group
Finished building target: tarea_2_part_2.elf
 
arm-none-eabi-size  tarea_2_part_2.elf 
arm-none-eabi-objdump -h -S tarea_2_part_2.elf  > "tarea_2_part_2.list"
   text	   data	    bss	    dec	    hex	filename
  58760	    472	  14024	  73256	  11e28	tarea_2_part_2.elf
Finished building: default.size.stdout
 
Finished building: tarea_2_part_2.list
 
23:43:29 **** Incremental Build of configuration Debug for project tarea_2_part_2 ****
make -j8 all 
arm-none-eabi-size  tarea_2_part_2.elf 
   text	   data	    bss	    dec	    hex	filename
  58760	    472	  14024	  73256	  11e28	tarea_2_part_2.elf
Finished building: default.size.stdout
 
